// Jest Snapshot v1, https://goo.gl/fbAQLP

exports[`Categories Renders Categories component 1`] = `
<div>
  <ul
    class="categoryList"
  >
    <li
      class="creatures"
    >
      <a
        class=""
        href="/creatures"
      >
        <span
          class="truth"
        >
          <img
            alt="length of truth"
            src="search.png"
          />
        </span>
        <div>
          <img
            alt="white cursor"
            class="creatures__arrowIcon"
            src="whiteIcon.png"
          />
          <h2>
            Creatures
          </h2>
          <h3>
            82
          </h3>
        </div>
      </a>
    </li>
    <li
      class="equipment"
    >
      <a
        class=""
        href="/equipment"
      >
        <span
          class="truth"
        >
          <img
            alt="length of truth"
            src="search.png"
          />
        </span>
        <div>
          <img
            alt="white cursor"
            class="creatures__arrowIcon"
            src="whiteIcon.png"
          />
          <h2>
            Equipment
          </h2>
          <h3>
            184
          </h3>
        </div>
      </a>
    </li>
    <li
      class="materials"
    >
      <a
        class=""
        href="/materials"
      >
        <span
          class="truth"
        >
          <img
            alt="length of truth"
            src="search.png"
          />
        </span>
        <div>
          <img
            alt="white cursor"
            class="creatures__arrowIcon"
            src="whiteIcon.png"
          />
          <h2>
            Materials
          </h2>
          <h3>
            80
          </h3>
        </div>
      </a>
    </li>
    <li
      class="monsters"
    >
      <a
        class=""
        href="/monsters"
      >
        <span
          class="truth"
        >
          <img
            alt="length of truth"
            src="search.png"
          />
        </span>
        <div>
          <img
            alt="white cursor"
            class="creatures__arrowIcon"
            src="whiteIcon.png"
          />
          <h2>
            Monsters
          </h2>
          <h3>
            80
          </h3>
        </div>
      </a>
    </li>
    <li
      class="treasures"
    >
      <a
        class=""
        href="/treasures"
      >
        <span
          class="truth"
        >
          <img
            alt="length of truth"
            src="search.png"
          />
        </span>
        <div>
          <img
            alt="white cursor"
            class="creatures__arrowIcon"
            src="whiteIcon.png"
          />
          <h2>
            Treasures
          </h2>
          <h3>
            4
          </h3>
        </div>
      </a>
    </li>
  </ul>
</div>
`;
