// Jest Snapshot v1, https://goo.gl/fbAQLP

exports[`Categories Renders Categories component 1`] = `
<div>
  <header>
    <nav>
      <button
        class="nav-button"
        type="button"
      >
        <img
          alt="master sword"
          src="masterSword4.png"
        />
      </button>
      <a
        class="titleNav"
        href="/metrics_webapp_botw/"
      >
        <img
          alt="logo breath of the wild"
          class="titleNav__zeldaIconDesktop"
          src="botw5.webp"
        />
        <h1>
          Zelda - Botw
        </h1>
        <p>
           📚Encyclopedia
        </p>
      </a>
      <img
        alt="zelda icon"
        class="titleNav_zeldaIconMobile"
        src="zeldaicon.png"
      />
    </nav>
  </header>
</div>
`;
